=== exp1_calibration ===
  [exp1] 12/240 cells, 12s elapsed
  [exp1] 24/240 cells, 19s elapsed
  [exp1] 36/240 cells, 27s elapsed
  [exp1] 48/240 cells, 33s elapsed
  [exp1] 60/240 cells, 45s elapsed
  [exp1] 72/240 cells, 54s elapsed
  [exp1] 84/240 cells, 80s elapsed
  [exp1] 96/240 cells, 107s elapsed
  [exp1] 108/240 cells, 119s elapsed
  [exp1] 120/240 cells, 141s elapsed
  [exp1] 132/240 cells, 156s elapsed
  [exp1] 144/240 cells, 181s elapsed
  [exp1] 156/240 cells, 194s elapsed
  [exp1] 168/240 cells, 218s elapsed
  [exp1] 180/240 cells, 233s elapsed
  [exp1] 192/240 cells, 256s elapsed
  [exp1] 204/240 cells, 271s elapsed
  [exp1] 216/240 cells, 298s elapsed
  [exp1] 228/240 cells, 316s elapsed
  [exp1] 240/240 cells, 337s elapsed
wrote /Volumes/Crucial X6/MacBook/Code/ml_papers/honest_symmetry_discovery/results/exp1_calibration.json
exp1 wall 339s
=== exp1_calibration: 1456 CPU-s, 339 wall-s ===
=== exp2_coverage ===
  [exp2] 2/50 cells, 7s elapsed
  [exp2] 4/50 cells, 7s elapsed
  [exp2] 6/50 cells, 7s elapsed
  [exp2] 8/50 cells, 7s elapsed
  [exp2] 10/50 cells, 11s elapsed
  [exp2] 12/50 cells, 11s elapsed
  [exp2] 14/50 cells, 11s elapsed
  [exp2] 16/50 cells, 12s elapsed
  [exp2] 18/50 cells, 15s elapsed
  [exp2] 20/50 cells, 15s elapsed
  [exp2] 22/50 cells, 15s elapsed
  [exp2] 24/50 cells, 15s elapsed
  [exp2] 26/50 cells, 19s elapsed
  [exp2] 28/50 cells, 19s elapsed
  [exp2] 30/50 cells, 19s elapsed
  [exp2] 32/50 cells, 22s elapsed
  [exp2] 34/50 cells, 25s elapsed
  [exp2] 36/50 cells, 25s elapsed
  [exp2] 38/50 cells, 25s elapsed
  [exp2] 40/50 cells, 27s elapsed
  [exp2] 42/50 cells, 31s elapsed
  [exp2] 44/50 cells, 31s elapsed
  [exp2] 46/50 cells, 31s elapsed
  [exp2] 48/50 cells, 32s elapsed
  [exp2] 50/50 cells, 33s elapsed
wrote /Volumes/Crucial X6/MacBook/Code/ml_papers/honest_symmetry_discovery/results/exp2_coverage.json
exp2 wall 50s
=== exp2_coverage: 106 CPU-s, 50 wall-s ===
=== exp3_modelclass ===
  [exp3a] 1/24 cells, 7s elapsed
  [exp3a] 2/24 cells, 7s elapsed
  [exp3a] 3/24 cells, 7s elapsed
  [exp3a] 4/24 cells, 7s elapsed
  [exp3a] 5/24 cells, 8s elapsed
  [exp3a] 6/24 cells, 9s elapsed
  [exp3a] 7/24 cells, 9s elapsed
  [exp3a] 8/24 cells, 9s elapsed
  [exp3a] 9/24 cells, 9s elapsed
  [exp3a] 10/24 cells, 11s elapsed
  [exp3a] 11/24 cells, 11s elapsed
  [exp3a] 12/24 cells, 12s elapsed
  [exp3a] 13/24 cells, 12s elapsed
  [exp3a] 14/24 cells, 12s elapsed
  [exp3a] 15/24 cells, 12s elapsed
  [exp3a] 16/24 cells, 14s elapsed
  [exp3a] 17/24 cells, 14s elapsed
  [exp3a] 18/24 cells, 16s elapsed
  [exp3a] 19/24 cells, 16s elapsed
  [exp3a] 20/24 cells, 16s elapsed
  [exp3a] 21/24 cells, 16s elapsed
  [exp3a] 22/24 cells, 17s elapsed
  [exp3a] 23/24 cells, 17s elapsed
  [exp3a] 24/24 cells, 18s elapsed
wrote /Volumes/Crucial X6/MacBook/Code/ml_papers/honest_symmetry_discovery/results/exp3_modelclass.json
exp3 wall 91s
=== exp3_modelclass: 125 CPU-s, 91 wall-s ===
=== exp4_resolution ===
  [exp4] 8/168 cells, 5s elapsed
  [exp4] 16/168 cells, 7s elapsed
  [exp4] 24/168 cells, 12s elapsed
  [exp4] 32/168 cells, 13s elapsed
  [exp4] 40/168 cells, 16s elapsed
  [exp4] 48/168 cells, 20s elapsed
  [exp4] 56/168 cells, 20s elapsed
  [exp4] 64/168 cells, 23s elapsed
  [exp4] 72/168 cells, 28s elapsed
  [exp4] 80/168 cells, 28s elapsed
  [exp4] 88/168 cells, 32s elapsed
  [exp4] 96/168 cells, 37s elapsed
  [exp4] 104/168 cells, 37s elapsed
  [exp4] 112/168 cells, 41s elapsed
  [exp4] 120/168 cells, 48s elapsed
  [exp4] 128/168 cells, 49s elapsed
  [exp4] 136/168 cells, 53s elapsed
  [exp4] 144/168 cells, 59s elapsed
  [exp4] 152/168 cells, 59s elapsed
  [exp4] 160/168 cells, 62s elapsed
  [exp4] 168/168 cells, 66s elapsed
wrote /Volumes/Crucial X6/MacBook/Code/ml_papers/honest_symmetry_discovery/results/exp4_resolution.json
exp4 wall 67s
=== exp4_resolution: 341 CPU-s, 67 wall-s ===
=== exp5_robustness ===
  [exp5a] 1/24 cells, 28s elapsed
  [exp5a] 2/24 cells, 29s elapsed
  [exp5a] 3/24 cells, 30s elapsed
  [exp5a] 4/24 cells, 30s elapsed
  [exp5a] 5/24 cells, 30s elapsed
  [exp5a] 6/24 cells, 30s elapsed
  [exp5a] 7/24 cells, 30s elapsed
  [exp5a] 8/24 cells, 30s elapsed
  [exp5a] 9/24 cells, 56s elapsed
  [exp5a] 10/24 cells, 58s elapsed
  [exp5a] 11/24 cells, 58s elapsed
  [exp5a] 12/24 cells, 58s elapsed
  [exp5a] 13/24 cells, 58s elapsed
  [exp5a] 14/24 cells, 58s elapsed
  [exp5a] 15/24 cells, 58s elapsed
  [exp5a] 16/24 cells, 59s elapsed
  [exp5a] 17/24 cells, 102s elapsed
  [exp5a] 18/24 cells, 102s elapsed
  [exp5a] 19/24 cells, 103s elapsed
  [exp5a] 20/24 cells, 103s elapsed
  [exp5a] 21/24 cells, 103s elapsed
  [exp5a] 22/24 cells, 103s elapsed
  [exp5a] 23/24 cells, 104s elapsed
  [exp5a] 24/24 cells, 105s elapsed
  [exp5b] 1/6 cells, 71s elapsed
  [exp5b] 2/6 cells, 72s elapsed
  [exp5b] 3/6 cells, 72s elapsed
  [exp5b] 4/6 cells, 72s elapsed
  [exp5b] 5/6 cells, 72s elapsed
  [exp5b] 6/6 cells, 72s elapsed
wrote /Volumes/Crucial X6/MacBook/Code/ml_papers/honest_symmetry_discovery/results/exp5_robustness.json
exp5 wall 178s
=== exp5_robustness: 869 CPU-s, 178 wall-s ===
=== exp6_dimension ===
  [exp6] 2/54 cells, 8s elapsed
  [exp6] 4/54 cells, 9s elapsed
  [exp6] 6/54 cells, 12s elapsed
  [exp6] 8/54 cells, 12s elapsed
  [exp6] 10/54 cells, 15s elapsed
  [exp6] 12/54 cells, 24s elapsed
  [exp6] 14/54 cells, 24s elapsed
  [exp6] 16/54 cells, 24s elapsed
  [exp6] 18/54 cells, 25s elapsed
  [exp6] 20/54 cells, 25s elapsed
  [exp6] 22/54 cells, 28s elapsed
  [exp6] 24/54 cells, 40s elapsed
  [exp6] 26/54 cells, 40s elapsed
  [exp6] 28/54 cells, 40s elapsed
  [exp6] 30/54 cells, 53s elapsed
  [exp6] 32/54 cells, 53s elapsed
  [exp6] 34/54 cells, 53s elapsed
  [exp6] 36/54 cells, 53s elapsed
  [exp6] 38/54 cells, 53s elapsed
  [exp6] 40/54 cells, 53s elapsed
  [exp6] 42/54 cells, 53s elapsed
  [exp6] 44/54 cells, 53s elapsed
  [exp6] 46/54 cells, 53s elapsed
  [exp6] 48/54 cells, 56s elapsed
  [exp6] 50/54 cells, 63s elapsed
  [exp6] 52/54 cells, 66s elapsed
  [exp6] 54/54 cells, 75s elapsed
wrote /Volumes/Crucial X6/MacBook/Code/ml_papers/honest_symmetry_discovery/results/exp6_dimension.json
exp6 wall 76s
=== exp6_dimension: 332 CPU-s, 76 wall-s ===
=== exp7_invariance ===
  [exp7] 4/84 cells, 30s elapsed
  [exp7] 8/84 cells, 58s elapsed
  [exp7] 12/84 cells, 173s elapsed
  [exp7] 16/84 cells, 173s elapsed
  [exp7] 20/84 cells, 173s elapsed
  [exp7] 24/84 cells, 261s elapsed
  [exp7] 28/84 cells, 261s elapsed
  [exp7] 32/84 cells, 261s elapsed
  [exp7] 36/84 cells, 424s elapsed
  [exp7] 40/84 cells, 424s elapsed
  [exp7] 44/84 cells, 424s elapsed
  [exp7] 48/84 cells, 509s elapsed
  [exp7] 52/84 cells, 509s elapsed
  [exp7] 56/84 cells, 509s elapsed
  [exp7] 60/84 cells, 695s elapsed
  [exp7] 64/84 cells, 695s elapsed
  [exp7] 68/84 cells, 695s elapsed
  [exp7] 72/84 cells, 712s elapsed
  [exp7] 76/84 cells, 712s elapsed
  [exp7] 80/84 cells, 790s elapsed
  [exp7] 84/84 cells, 1029s elapsed
wrote /Volumes/Crucial X6/MacBook/Code/ml_papers/honest_symmetry_discovery/results/exp7_invariance.json
exp7 wall 1030s
=== exp7_invariance: 2504 CPU-s, 1030 wall-s ===
{
 "exp1_calibration": {
  "cpu_seconds": 1456.1167330000003,
  "wall_seconds": 339.0979859828949
 },
 "exp2_coverage": {
  "cpu_seconds": 105.68742100000009,
  "wall_seconds": 49.9665162563324
 },
 "exp3_modelclass": {
  "cpu_seconds": 125.08044100000006,
  "wall_seconds": 90.91459894180298
 },
 "exp4_resolution": {
  "cpu_seconds": 340.6571829999998,
  "wall_seconds": 66.65748023986816
 },
 "exp5_robustness": {
  "cpu_seconds": 868.8960110000005,
  "wall_seconds": 177.5919668674469
 },
 "exp6_dimension": {
  "cpu_seconds": 331.95661699999937,
  "wall_seconds": 75.53448963165283
 },
 "exp7_invariance": {
  "cpu_seconds": 2503.8008959999997,
  "wall_seconds": 1030.424400806427
 },
 "total_cpu_hours": 1.5922764727777778
}
=== exp5_robustness ===
  [exp5a] 1/24 cells, 249s elapsed
  [exp5a] 2/24 cells, 249s elapsed
  [exp5a] 3/24 cells, 253s elapsed
  [exp5a] 4/24 cells, 253s elapsed
  [exp5a] 5/24 cells, 253s elapsed
  [exp5a] 6/24 cells, 253s elapsed
  [exp5a] 7/24 cells, 253s elapsed
  [exp5a] 8/24 cells, 253s elapsed
  [exp5a] 9/24 cells, 376s elapsed
  [exp5a] 10/24 cells, 376s elapsed
  [exp5a] 11/24 cells, 377s elapsed
  [exp5a] 12/24 cells, 377s elapsed
  [exp5a] 13/24 cells, 377s elapsed
  [exp5a] 14/24 cells, 380s elapsed
  [exp5a] 15/24 cells, 380s elapsed
  [exp5a] 16/24 cells, 381s elapsed
  [exp5a] 17/24 cells, 636s elapsed
  [exp5a] 18/24 cells, 641s elapsed
  [exp5a] 19/24 cells, 641s elapsed
  [exp5a] 20/24 cells, 642s elapsed
  [exp5a] 21/24 cells, 642s elapsed
  [exp5a] 22/24 cells, 642s elapsed
  [exp5a] 23/24 cells, 645s elapsed
  [exp5a] 24/24 cells, 650s elapsed
  [exp5b] 1/24 cells, 445s elapsed
  [exp5b] 2/24 cells, 445s elapsed
  [exp5b] 3/24 cells, 445s elapsed
  [exp5b] 4/24 cells, 445s elapsed
  [exp5b] 5/24 cells, 456s elapsed
  [exp5b] 6/24 cells, 456s elapsed
  [exp5b] 7/24 cells, 456s elapsed
  [exp5b] 8/24 cells, 456s elapsed
  [exp5b] 9/24 cells, 711s elapsed
  [exp5b] 10/24 cells, 715s elapsed
  [exp5b] 11/24 cells, 717s elapsed
  [exp5b] 12/24 cells, 717s elapsed
  [exp5b] 13/24 cells, 722s elapsed
  [exp5b] 14/24 cells, 723s elapsed
  [exp5b] 15/24 cells, 729s elapsed
  [exp5b] 16/24 cells, 738s elapsed
  [exp5b] 17/24 cells, 881s elapsed
  [exp5b] 18/24 cells, 888s elapsed
  [exp5b] 19/24 cells, 891s elapsed
  [exp5b] 20/24 cells, 891s elapsed
  [exp5b] 21/24 cells, 895s elapsed
  [exp5b] 22/24 cells, 895s elapsed
  [exp5b] 23/24 cells, 901s elapsed
  [exp5b] 24/24 cells, 909s elapsed
wrote /Volumes/Crucial X6/MacBook/Code/ml_papers/honest_symmetry_discovery/results/exp5_robustness.json
exp5 wall 1564s
=== exp5_robustness: 1691 CPU-s, 1566 wall-s ===
{
 "exp1_calibration": {
  "cpu_seconds": 1456.1167330000003,
  "wall_seconds": 339.0979859828949
 },
 "exp2_coverage": {
  "cpu_seconds": 105.68742100000009,
  "wall_seconds": 49.9665162563324
 },
 "exp3_modelclass": {
  "cpu_seconds": 125.08044100000006,
  "wall_seconds": 90.91459894180298
 },
 "exp4_resolution": {
  "cpu_seconds": 340.6571829999998,
  "wall_seconds": 66.65748023986816
 },
 "exp5_robustness": {
  "cpu_seconds": 1691.249204,
  "wall_seconds": 1566.285922050476
 },
 "exp6_dimension": {
  "cpu_seconds": 331.95661699999937,
  "wall_seconds": 75.53448963165283
 },
 "exp7_invariance": {
  "cpu_seconds": 2503.8008959999997,
  "wall_seconds": 1030.424400806427
 },
 "total_cpu_hours": 1.8207079152777774
}
=== exp8_tightness ===
  [exp8a] 1/12 cells, 470s elapsed
  [exp8a] 2/12 cells, 470s elapsed
  [exp8a] 3/12 cells, 470s elapsed
  [exp8a] 4/12 cells, 474s elapsed
  [exp8a] 5/12 cells, 474s elapsed
  [exp8a] 6/12 cells, 474s elapsed
  [exp8a] 7/12 cells, 474s elapsed
  [exp8a] 8/12 cells, 474s elapsed
  [exp8a] 9/12 cells, 2031s elapsed
  [exp8a] 10/12 cells, 2047s elapsed
  [exp8a] 11/12 cells, 2047s elapsed
  [exp8a] 12/12 cells, 2064s elapsed
  [exp8b] 1/15 cells, 417s elapsed
  [exp8b] 2/15 cells, 422s elapsed
  [exp8b] 3/15 cells, 433s elapsed
  [exp8b] 4/15 cells, 433s elapsed
  [exp8b] 5/15 cells, 438s elapsed
  [exp8b] 6/15 cells, 447s elapsed
  [exp8b] 7/15 cells, 468s elapsed
=== exp9_modelerror ===
{'system': 'rot_nonpoly', 'degree': 3, 'Q': 20, 'N': 40000, 'true_defect': 0.0112228137444689, 'true_defect_se': 4.150417628319722e-06, 'plug_in': 0.08124622669064614, 'upper_no_model_error': 0.08723295519753299, 'upper_sup_norm': 7.324600256631866, 'upper_l2': 1.49629263728083, 'eta0': 0.2103525451376049, 'eta1': 1.2596592319020041, 'eta2': 0.037375355973822334, 'rel_l2_error': 0.07647575291323457}
{'system': 'rot_nonpoly', 'degree': 5, 'Q': 42, 'N': 40000, 'true_defect': 0.002633167871065883, 'true_defect_se': 9.948170268530972e-07, 'plug_in': 0.04390761315751172, 'upper_no_model_error': 0.050348714346495314, 'upper_sup_norm': 2.6501185637936917, 'upper_l2': 0.6535945471935098, 'eta0': 0.08756853287573364, 'eta1': 0.9879067225895414, 'eta2': 0.011697204454910364, 'rel_l2_error': 0.023934287563598198}
{'system': 'rot_nonpoly', 'degree': 7, 'Q': 72, 'N': 40000, 'true_defect': 0.0009222116248246813, 'true_defect_se': 4.1501422001581137e-07, 'plug_in': 0.027348745138413167, 'upper_no_model_error': 0.0382507672295594, 'upper_sup_norm': 1.750853917472721, 'upper_l2': 0.366878794145491, 'eta0': 0.044346140641550534, 'eta1': 0.8032028718962271, 'eta2': 0.0049261776188962375, 'rel_l2_error': 0.010079720515659526}
{'system': 'rot_nonpoly', 'degree': 9, 'Q': 110, 'N': 40000, 'true_defect': 0.0018309301773681867, 'true_defect_se': 7.649671328198031e-07, 'plug_in': 0.01843578387960888, 'upper_no_model_error': 0.03787240775613229, 'upper_sup_norm': 1.4618989956454844, 'upper_l2': 0.26730708428524314, 'eta0': 0.027148450635943667, 'eta1': 0.7262962367350854, 'eta2': 0.002626191966336566, 'rel_l2_error': 0.005373594516690222}
{'system': 'pendulum', 'degree': 3, 'Q': 20, 'N': 40000, 'true_defect': 0.20412072232510223, 'true_defect_se': 0.00014709035293964022, 'plug_in': 0.21189163443235962, 'upper_no_model_error': 0.21411221677810413, 'upper_sup_norm': 0.2951525915243625, 'upper_l2': 0.25051781089991115, 'eta0': 0.007882726151777267, 'eta1': 0.0725975234120486, 'eta2': 0.0022438829386454626, 'rel_l2_error': 0.00202268564627247}
{'system': 'pendulum', 'degree': 5, 'Q': 42, 'N': 40000, 'true_defect': 0.20396772492749762, 'true_defect_se': 0.00015136689386650477, 'plug_in': 0.20445201515191677, 'upper_no_model_error': 0.20996201835645917, 'upper_sup_norm': 0.22614117599035924, 'upper_l2': 0.2308247611820892, 'eta0': 0.0025090288989805497, 'eta1': 0.014017355338953224, 'eta2': 0.000780185000343859, 'rel_l2_error': 0.0007032759929023836}
{'system': 'pendulum', 'degree': 7, 'Q': 72, 'N': 40000, 'true_defect': 0.20388021620925992, 'true_defect_se': 0.00015119536038526465, 'plug_in': 0.2051649515077582, 'upper_no_model_error': 0.2154908896089826, 'upper_sup_norm': 0.28619780312257376, 'upper_l2': 0.25219660644847675, 'eta0': 0.00554784874807777, 'eta1': 0.06512566518361117, 'eta2': 0.0009211917418417548, 'rel_l2_error': 0.0008303825844020352}
{'system': 'pendulum', 'degree': 9, 'Q': 110, 'N': 40000, 'true_defect': 0.20378995794146343, 'true_defect_se': 0.000152115647336596, 'plug_in': 0.20527934492380928, 'upper_no_model_error': 0.22271071101044926, 'upper_sup_norm': 0.3506817635865855, 'upper_l2': 0.28893455486826064, 'eta0': 0.009455318127939875, 'eta1': 0.11419432504669404, 'eta2': 0.0011620796324410653, 'rel_l2_error': 0.0010475242499874088}
wrote /Volumes/Crucial X6/MacBook/Code/ml_papers/honest_symmetry_discovery/results/exp9_modelerror.json
exp9 wall 458s
=== exp9_modelerror: 53 CPU-s, 469 wall-s ===
{
 "exp1_calibration": {
  "cpu_seconds": 1456.1167330000003,
  "wall_seconds": 339.0979859828949
 },
 "exp2_coverage": {
  "cpu_seconds": 105.68742100000009,
  "wall_seconds": 49.9665162563324
 },
 "exp3_modelclass": {
  "cpu_seconds": 125.08044100000006,
  "wall_seconds": 90.91459894180298
 },
 "exp4_resolution": {
  "cpu_seconds": 340.6571829999998,
  "wall_seconds": 66.65748023986816
 },
 "exp5_robustness": {
  "cpu_seconds": 1691.249204,
  "wall_seconds": 1566.285922050476
 },
 "exp6_dimension": {
  "cpu_seconds": 331.95661699999937,
  "wall_seconds": 75.53448963165283
 },
 "exp7_invariance": {
  "cpu_seconds": 2503.8008959999997,
  "wall_seconds": 1030.424400806427
 },
 "total_cpu_hours": 1.8355405197222219,
 "exp9_modelerror": {
  "cpu_seconds": 53.397375999999994,
  "wall_seconds": 468.51807403564453
 }
}
=== exp10_noise ===
  [exp10a] 3/64 cells, 19s elapsed
  [exp10a] 6/64 cells, 20s elapsed
  [exp10a] 9/64 cells, 21s elapsed
  [exp10a] 12/64 cells, 23s elapsed
  [exp10a] 15/64 cells, 25s elapsed
  [exp10a] 18/64 cells, 25s elapsed
  [exp10a] 21/64 cells, 26s elapsed
  [exp10a] 24/64 cells, 30s elapsed
  [exp10a] 27/64 cells, 30s elapsed
  [exp10a] 30/64 cells, 34s elapsed
  [exp10a] 33/64 cells, 34s elapsed
  [exp10a] 36/64 cells, 34s elapsed
  [exp10a] 39/64 cells, 37s elapsed
  [exp10a] 42/64 cells, 38s elapsed
  [exp10a] 45/64 cells, 41s elapsed
  [exp10a] 48/64 cells, 45s elapsed
  [exp10a] 51/64 cells, 45s elapsed
  [exp10a] 54/64 cells, 48s elapsed
  [exp10a] 57/64 cells, 49s elapsed
  [exp10a] 60/64 cells, 51s elapsed
  [exp10a] 63/64 cells, 54s elapsed
  [exp10b] 1/28 cells, 15s elapsed
  [exp10b] 2/28 cells, 16s elapsed
  [exp10b] 3/28 cells, 16s elapsed
  [exp10b] 4/28 cells, 19s elapsed
  [exp10b] 5/28 cells, 24s elapsed
  [exp10b] 6/28 cells, 29s elapsed
  [exp10b] 7/28 cells, 49s elapsed
  [exp10b] 8/28 cells, 49s elapsed
  [exp10b] 9/28 cells, 49s elapsed
  [exp10b] 10/28 cells, 49s elapsed
  [exp10b] 11/28 cells, 49s elapsed
  [exp10b] 12/28 cells, 49s elapsed
  [exp10b] 13/28 cells, 49s elapsed
  [exp10b] 14/28 cells, 49s elapsed
  [exp10b] 15/28 cells, 49s elapsed
  [exp10b] 16/28 cells, 49s elapsed
  [exp10b] 17/28 cells, 49s elapsed
  [exp10b] 18/28 cells, 49s elapsed
  [exp10b] 19/28 cells, 49s elapsed
  [exp10b] 20/28 cells, 49s elapsed
  [exp10b] 21/28 cells, 66s elapsed
  [exp10b] 22/28 cells, 66s elapsed
  [exp10b] 23/28 cells, 66s elapsed
  [exp10b] 24/28 cells, 66s elapsed
  [exp10b] 25/28 cells, 66s elapsed
  [exp10b] 26/28 cells, 66s elapsed
  [exp10b] 27/28 cells, 66s elapsed
  [exp10b] 28/28 cells, 85s elapsed
wrote /Volumes/Crucial X6/MacBook/Code/ml_papers/honest_symmetry_discovery/results/exp10_noise.json
exp10 wall 147s
=== exp10_noise: 59 CPU-s, 154 wall-s ===
{
 "exp1_calibration": {
  "cpu_seconds": 1456.1167330000003,
  "wall_seconds": 339.0979859828949
 },
 "exp2_coverage": {
  "cpu_seconds": 105.68742100000009,
  "wall_seconds": 49.9665162563324
 },
 "exp3_modelclass": {
  "cpu_seconds": 125.08044100000006,
  "wall_seconds": 90.91459894180298
 },
 "exp4_resolution": {
  "cpu_seconds": 340.6571829999998,
  "wall_seconds": 66.65748023986816
 },
 "exp5_robustness": {
  "cpu_seconds": 1691.249204,
  "wall_seconds": 1566.285922050476
 },
 "exp6_dimension": {
  "cpu_seconds": 331.95661699999937,
  "wall_seconds": 75.53448963165283
 },
 "exp7_invariance": {
  "cpu_seconds": 2503.8008959999997,
  "wall_seconds": 1030.424400806427
 },
 "total_cpu_hours": 1.8518806972222221,
 "exp9_modelerror": {
  "cpu_seconds": 53.397375999999994,
  "wall_seconds": 468.51807403564453
 },
 "exp10_noise": {
  "cpu_seconds": 58.824639,
  "wall_seconds": 154.35243010520935
 }
}
=== exp2_coverage ===
  [exp2] 2/50 cells, 64s elapsed
  [exp2] 4/50 cells, 64s elapsed
  [exp2] 6/50 cells, 64s elapsed
  [exp2] 8/50 cells, 64s elapsed
  [exp2] 10/50 cells, 108s elapsed
  [exp2] 12/50 cells, 108s elapsed
  [exp2] 14/50 cells, 108s elapsed
  [exp2] 16/50 cells, 111s elapsed
  [exp2] 18/50 cells, 147s elapsed
  [exp2] 20/50 cells, 150s elapsed
  [exp2] 22/50 cells, 150s elapsed
  [exp2] 24/50 cells, 150s elapsed
  [exp2] 26/50 cells, 182s elapsed
  [exp2] 28/50 cells, 185s elapsed
  [exp2] 30/50 cells, 188s elapsed
  [exp2] 32/50 cells, 196s elapsed
  [exp2] 34/50 cells, 228s elapsed
  [exp2] 36/50 cells, 231s elapsed
  [exp2] 38/50 cells, 237s elapsed
  [exp2] 40/50 cells, 245s elapsed
  [exp2] 42/50 cells, 289s elapsed
  [exp2] 44/50 cells, 291s elapsed
  [exp2] 46/50 cells, 291s elapsed
  [exp2] 48/50 cells, 295s elapsed
  [exp2] 50/50 cells, 299s elapsed
wrote /Volumes/Crucial X6/MacBook/Code/ml_papers/honest_symmetry_discovery/results/exp2_coverage.json
exp2 wall 571s
=== exp2_coverage: 122 CPU-s, 578 wall-s ===
{
 "exp1_calibration": {
  "cpu_seconds": 1456.1167330000003,
  "wall_seconds": 339.0979859828949
 },
 "exp2_coverage": {
  "cpu_seconds": 122.262293,
  "wall_seconds": 577.672089099884
 },
 "exp3_modelclass": {
  "cpu_seconds": 125.08044100000006,
  "wall_seconds": 90.91459894180298
 },
 "exp4_resolution": {
  "cpu_seconds": 340.6571829999998,
  "wall_seconds": 66.65748023986816
 },
 "exp5_robustness": {
  "cpu_seconds": 1691.249204,
  "wall_seconds": 1566.285922050476
 },
 "exp6_dimension": {
  "cpu_seconds": 331.95661699999937,
  "wall_seconds": 75.53448963165283
 },
 "exp7_invariance": {
  "cpu_seconds": 2503.8008959999997,
  "wall_seconds": 1030.424400806427
 },
 "total_cpu_hours": 1.8564848283333333,
 "exp9_modelerror": {
  "cpu_seconds": 53.397375999999994,
  "wall_seconds": 468.51807403564453
 },
 "exp10_noise": {
  "cpu_seconds": 58.824639,
  "wall_seconds": 154.35243010520935
 }
}
=== exp13_tolerance ===
  [exp13] 1/24 cells, 218s elapsed
  [exp13] 2/24 cells, 218s elapsed
  [exp13] 3/24 cells, 230s elapsed
  [exp13] 4/24 cells, 230s elapsed
  [exp13] 5/24 cells, 230s elapsed
  [exp13] 6/24 cells, 230s elapsed
  [exp13] 7/24 cells, 230s elapsed
  [exp13] 8/24 cells, 230s elapsed
  [exp13] 9/24 cells, 359s elapsed
  [exp13] 10/24 cells, 378s elapsed
  [exp13] 11/24 cells, 378s elapsed
  [exp13] 12/24 cells, 378s elapsed
  [exp13] 13/24 cells, 394s elapsed
  [exp13] 14/24 cells, 403s elapsed
  [exp13] 15/24 cells, 417s elapsed
  [exp13] 16/24 cells, 423s elapsed
  [exp13] 17/24 cells, 516s elapsed
  [exp13] 18/24 cells, 516s elapsed
  [exp13] 19/24 cells, 523s elapsed
  [exp13] 20/24 cells, 533s elapsed
  [exp13] 21/24 cells, 558s elapsed
  [exp13] 22/24 cells, 566s elapsed
  [exp13] 23/24 cells, 571s elapsed
  [exp13] 24/24 cells, 587s elapsed
wrote /Volumes/Crucial X6/MacBook/Code/ml_papers/honest_symmetry_discovery/results/exp13_tolerance.json
exp13 wall 590s
=== exp13_tolerance: 247 CPU-s, 599 wall-s ===
{
 "exp1_calibration": {
  "cpu_seconds": 1456.1167330000003,
  "wall_seconds": 339.0979859828949
 },
 "exp2_coverage": {
  "cpu_seconds": 122.262293,
  "wall_seconds": 577.672089099884
 },
 "exp3_modelclass": {
  "cpu_seconds": 125.08044100000006,
  "wall_seconds": 90.91459894180298
 },
 "exp4_resolution": {
  "cpu_seconds": 340.6571829999998,
  "wall_seconds": 66.65748023986816
 },
 "exp5_robustness": {
  "cpu_seconds": 1691.249204,
  "wall_seconds": 1566.285922050476
 },
 "exp6_dimension": {
  "cpu_seconds": 331.95661699999937,
  "wall_seconds": 75.53448963165283
 },
 "exp7_invariance": {
  "cpu_seconds": 2503.8008959999997,
  "wall_seconds": 1030.424400806427
 },
 "total_cpu_hours": 1.9249979522222223,
 "exp9_modelerror": {
  "cpu_seconds": 53.397375999999994,
  "wall_seconds": 468.51807403564453
 },
 "exp10_noise": {
  "cpu_seconds": 58.824639,
  "wall_seconds": 154.35243010520935
 },
 "exp13_tolerance": {
  "cpu_seconds": 246.647246,
  "wall_seconds": 599.2525360584259
 }
}
=== exp11_scaling ===
  [exp11] 1/20 cells, 42s elapsed
  [exp11] 2/20 cells, 44s elapsed
  [exp11] 3/20 cells, 45s elapsed
  [exp11] 4/20 cells, 51s elapsed
  [exp11] 5/20 cells, 51s elapsed
  [exp11] 6/20 cells, 51s elapsed
  [exp11] 7/20 cells, 51s elapsed
  [exp11] 8/20 cells, 63s elapsed
  [exp11] 9/20 cells, 84s elapsed
  [exp11] 10/20 cells, 90s elapsed
  [exp11] 11/20 cells, 98s elapsed
  [exp11] 12/20 cells, 114s elapsed
  [exp11] 13/20 cells, 114s elapsed
  [exp11] 14/20 cells, 114s elapsed
  [exp11] 15/20 cells, 114s elapsed
  [exp11] 16/20 cells, 114s elapsed
  [exp11] 17/20 cells, 144s elapsed
  [exp11] 18/20 cells, 144s elapsed
  [exp11] 19/20 cells, 172s elapsed
  [exp11] 20/20 cells, 172s elapsed
wrote /Volumes/Crucial X6/MacBook/Code/ml_papers/honest_symmetry_discovery/results/exp11_scaling.json
exp11 wall 177s
=== exp11_scaling: 68 CPU-s, 184 wall-s ===
{
 "exp1_calibration": {
  "cpu_seconds": 1456.1167330000003,
  "wall_seconds": 339.0979859828949
 },
 "exp2_coverage": {
  "cpu_seconds": 122.262293,
  "wall_seconds": 577.672089099884
 },
 "exp3_modelclass": {
  "cpu_seconds": 125.08044100000006,
  "wall_seconds": 90.91459894180298
 },
 "exp4_resolution": {
  "cpu_seconds": 340.6571829999998,
  "wall_seconds": 66.65748023986816
 },
 "exp5_robustness": {
  "cpu_seconds": 1691.249204,
  "wall_seconds": 1566.285922050476
 },
 "exp6_dimension": {
  "cpu_seconds": 331.95661699999937,
  "wall_seconds": 75.53448963165283
 },
 "exp7_invariance": {
  "cpu_seconds": 2503.8008959999997,
  "wall_seconds": 1030.424400806427
 },
 "total_cpu_hours": 1.9439976297222223,
 "exp9_modelerror": {
  "cpu_seconds": 53.397375999999994,
  "wall_seconds": 468.51807403564453
 },
 "exp10_noise": {
  "cpu_seconds": 58.824639,
  "wall_seconds": 154.35243010520935
 },
 "exp13_tolerance": {
  "cpu_seconds": 246.647246,
  "wall_seconds": 599.2525360584259
 },
 "exp11_scaling": {
  "cpu_seconds": 68.398839,
  "wall_seconds": 183.57995104789734
 }
}
=== exp5_robustness ===
